// Jest Snapshot v1, https://goo.gl/fbAQLP

exports[`Movie search bar component matches snapshot 1`] = `
<div
  className="movie-search-bar"
>
  <input
    aria-label="search-input"
    data-testid="movie-search-input"
    disabled={false}
    id="movie-search-input"
    onChange={[Function]}
    placeholder="Type to search"
    type="text"
    value=""
  />
</div>
`;
